../Core/Src/main.c:136:5:_write	24	static
../Core/Src/main.c:144:16:pcm_le_signed32	24	static
../Core/Src/main.c:186:17:pcm_to_ccr	104	static
../Core/Src/main.c:207:13:process_pcm	264	static
../Core/Src/main.c:469:6:HAL_TIM_PWM_PulseFinishedHalfCpltCallback	16	static
../Core/Src/main.c:479:6:HAL_TIM_PWM_PulseFinishedCallback	16	static
../Core/Src/main.c:492:5:main	24	static,ignoring_inline_asm
../Core/Src/main.c:760:6:SystemClock_Config	88	static
../Core/Src/main.c:807:13:MX_SPI1_Init	8	static
../Core/Src/main.c:845:13:MX_TIM5_Init	48	static
../Core/Src/main.c:894:13:MX_USART2_UART_Init	8	static
../Core/Src/main.c:925:13:MX_DMA_Init	16	static
../Core/Src/main.c:950:13:MX_GPIO_Init	40	static
../Core/Src/main.c:985:6:Error_Handler	4	static,ignoring_inline_asm
