../Core/Src/main.c:135:5:_write	24	static
../Core/Src/main.c:143:16:pcm_le_signed32	24	static
../Core/Src/main.c:185:17:pcm_to_ccr	104	static
../Core/Src/main.c:206:13:process_pcm	232	static
../Core/Src/main.c:404:6:HAL_TIM_PWM_PulseFinishedHalfCpltCallback	16	static
../Core/Src/main.c:414:6:HAL_TIM_PWM_PulseFinishedCallback	16	static
../Core/Src/main.c:427:5:main	24	static,ignoring_inline_asm
../Core/Src/main.c:695:6:SystemClock_Config	88	static
../Core/Src/main.c:742:13:MX_SPI1_Init	8	static
../Core/Src/main.c:780:13:MX_TIM5_Init	48	static
../Core/Src/main.c:829:13:MX_USART2_UART_Init	8	static
../Core/Src/main.c:860:13:MX_DMA_Init	16	static
../Core/Src/main.c:885:13:MX_GPIO_Init	40	static
../Core/Src/main.c:920:6:Error_Handler	4	static,ignoring_inline_asm
