../Core/Src/main.c:135:5:_write	3
../Core/Src/main.c:143:16:pcm_le_signed32	5
../Core/Src/main.c:185:17:pcm_to_ccr	1
../Core/Src/main.c:206:13:process_pcm	16
../Core/Src/main.c:404:6:HAL_TIM_PWM_PulseFinishedHalfCpltCallback	2
../Core/Src/main.c:414:6:HAL_TIM_PWM_PulseFinishedCallback	2
../Core/Src/main.c:427:5:main	24
../Core/Src/main.c:695:6:SystemClock_Config	3
../Core/Src/main.c:742:13:MX_SPI1_Init	2
../Core/Src/main.c:780:13:MX_TIM5_Init	4
../Core/Src/main.c:829:13:MX_USART2_UART_Init	2
../Core/Src/main.c:860:13:MX_DMA_Init	1
../Core/Src/main.c:885:13:MX_GPIO_Init	1
../Core/Src/main.c:920:6:Error_Handler	1
