../Core/Src/main.c:136:5:_write	3
../Core/Src/main.c:144:16:pcm_le_signed32	5
../Core/Src/main.c:186:17:pcm_to_ccr	1
../Core/Src/main.c:207:13:process_pcm	24
../Core/Src/main.c:469:6:HAL_TIM_PWM_PulseFinishedHalfCpltCallback	2
../Core/Src/main.c:479:6:HAL_TIM_PWM_PulseFinishedCallback	2
../Core/Src/main.c:492:5:main	25
../Core/Src/main.c:760:6:SystemClock_Config	3
../Core/Src/main.c:807:13:MX_SPI1_Init	2
../Core/Src/main.c:845:13:MX_TIM5_Init	4
../Core/Src/main.c:894:13:MX_USART2_UART_Init	2
../Core/Src/main.c:925:13:MX_DMA_Init	1
../Core/Src/main.c:950:13:MX_GPIO_Init	1
../Core/Src/main.c:985:6:Error_Handler	1
