11:42:49 **** Incremental Build of configuration Debug for project nucleo_f410rb_read_wav ****
make -j16 all 
arm-none-eabi-gcc "../Core/Src/main.c" -mcpu=cortex-m4 -std=gnu11 -g3 -DDEBUG -DUSE_HAL_DRIVER -DSTM32F410Rx -c -I../Core/Inc -I../Drivers/STM32F4xx_HAL_Driver/Inc -I../Drivers/STM32F4xx_HAL_Driver/Inc/Legacy -I../Drivers/CMSIS/Device/ST/STM32F4xx/Include -I../Drivers/CMSIS/Include -I../FATFS/Target -I../FATFS/App -I../Middlewares/Third_Party/FatFs/src -O0 -ffunction-sections -fdata-sections -Wall -fstack-usage -fcyclomatic-complexity -MMD -MP -MF"Core/Src/main.d" -MT"Core/Src/main.o" --specs=nano.specs -mfpu=fpv4-sp-d16 -mfloat-abi=hard -mthumb -o "Core/Src/main.o"
arm-none-eabi-gcc "../Core/Src/sd_spi.c" -mcpu=cortex-m4 -std=gnu11 -g3 -DDEBUG -DUSE_HAL_DRIVER -DSTM32F410Rx -c -I../Core/Inc -I../Drivers/STM32F4xx_HAL_Driver/Inc -I../Drivers/STM32F4xx_HAL_Driver/Inc/Legacy -I../Drivers/CMSIS/Device/ST/STM32F4xx/Include -I../Drivers/CMSIS/Include -I../FATFS/Target -I../FATFS/App -I../Middlewares/Third_Party/FatFs/src -O0 -ffunction-sections -fdata-sections -Wall -fstack-usage -fcyclomatic-complexity -MMD -MP -MF"Core/Src/sd_spi.d" -MT"Core/Src/sd_spi.o" --specs=nano.specs -mfpu=fpv4-sp-d16 -mfloat-abi=hard -mthumb -o "Core/Src/sd_spi.o"
arm-none-eabi-gcc -o "nucleo_f410rb_read_wav.elf" @"objects.list"   -mcpu=cortex-m4 -T"D:\Documents\Oxford\Year 3\Summer Internship Stuff\Workspace_6_Read_WAV\nucleo_f410rb_read_wav\STM32F410RBTX_FLASH.ld" --specs=nosys.specs -Wl,-Map="nucleo_f410rb_read_wav.map" -Wl,--gc-sections -static --specs=nano.specs -mfpu=fpv4-sp-d16 -mfloat-abi=hard -mthumb -Wl,--start-group -lc -lm -Wl,--end-group
Finished building target: nucleo_f410rb_read_wav.elf
 
arm-none-eabi-size  nucleo_f410rb_read_wav.elf 
arm-none-eabi-objdump -h -S nucleo_f410rb_read_wav.elf  > "nucleo_f410rb_read_wav.list"
   text	   data	    bss	    dec	    hex	filename
  50004	    108	  29316	  79428	  13644	nucleo_f410rb_read_wav.elf
Finished building: default.size.stdout
 
Finished building: nucleo_f410rb_read_wav.list
 
11:42:52 **** Incremental Build of configuration Debug for project nucleo_f410rb_read_wav ****
make -j16 all 
arm-none-eabi-size  nucleo_f410rb_read_wav.elf 
   text	   data	    bss	    dec	    hex	filename
  50004	    108	  29316	  79428	  13644	nucleo_f410rb_read_wav.elf
Finished building: default.size.stdout
 
